1:
1 ~ 10
2 ~ 2
3 ~ 2
4 ~ 6
5 ~ 6
2:
1 ~ 18
2 ~ 14
3 ~ 14
4 ~ 2
5 ~ 2
6 ~ 2
3:
1 ~ 3
2 ~ 1
3 ~ 1
