1:
1 ~ 6
2 ~ 2
3 ~ 2
4 ~ 10
5 ~ 6
2:
1 ~ 6
2 ~ 2
3 ~ 2
4 ~ 6
5 ~ 10
3:
1 ~ 6
2 ~ 10
3 ~ 6
4 ~ 2
5 ~ 2
4:
1 ~ 6
2 ~ 6
3 ~ 2
4 ~ 10
5 ~ 2
5:
1 ~ 2
2 ~ 6
3 ~ 2
4 ~ 6
5 ~ 10
6:
1 ~ 6
2 ~ 6
3 ~ 2
4 ~ 10
5 ~ 2
7:
1 ~ 10
2 ~ 2
3 ~ 6
4 ~ 2
5 ~ 6
8:
1 ~ 6
2 ~ 6
3 ~ 2
4 ~ 10
5 ~ 2
9:
1 ~ 2
2 ~ 6
3 ~ 10
4 ~ 6
5 ~ 2
10:
1 ~ 10
2 ~ 2
3 ~ 6
4 ~ 2
5 ~ 6
