1:
1 ~ 52
2 ~ 106
3 ~ 160
4 ~ 214
5 ~ 272
6 ~ 332
7 ~ 160
8 ~ 214
9 ~ 272
10 ~ 332
11 ~ 396
