1:
1 ~ 8301
2 ~ 16633
3 ~ 25009
4 ~ 33475
5 ~ 42047
6 ~ 50765
7 ~ 59675
8 ~ 25009
9 ~ 33475
10 ~ 42047
11 ~ 50765
12 ~ 59675
13 ~ 68835
14 ~ 33475
15 ~ 42047
16 ~ 50765
17 ~ 59675
18 ~ 68835
19 ~ 78317
