1:
1 ~ 424894
2 ~ 850550
3 ~ 1277962
4 ~ 1707946
5 ~ 2141446
6 ~ 2579562
7 ~ 3023474
8 ~ 1277962
9 ~ 1707946
10 ~ 2141446
11 ~ 2579562
12 ~ 3023474
13 ~ 3474518
14 ~ 1707946
15 ~ 2141446
16 ~ 2579562
17 ~ 3023474
18 ~ 3474518
19 ~ 3934418
20 ~ 2141446
21 ~ 2579562
22 ~ 3023474
23 ~ 3474518
24 ~ 3934418
25 ~ 4405230
