1:
1 ~ 0
2 ~ 32
3 ~ 32
4 ~ 0
5 ~ 32
6 ~ 0
7 ~ 0
2:
1 ~ 0
2 ~ 4
3 ~ 4
4 ~ 28
5 ~ 28
6 ~ 4
7 ~ 36
3:
1 ~ 6
2 ~ 10
3 ~ 28
4 ~ 20
5 ~ 12
6 ~ 2
7 ~ 36
4:
1 ~ 34
2 ~ 2
3 ~ 22
4 ~ 6
5 ~ 10
6 ~ 10
7 ~ 30
5:
1 ~ 36
2 ~ 28
3 ~ 4
4 ~ 16
5 ~ 4
6 ~ 16
7 ~ 12
6:
1 ~ 0
2 ~ 32
3 ~ 32
4 ~ 0
5 ~ 16
6 ~ 16
7 ~ 16
7:
1 ~ 0
2 ~ 32
3 ~ 0
4 ~ 32
5 ~ 32
6 ~ 0
7 ~ 0
8:
1 ~ 0
2 ~ 32
3 ~ 32
4 ~ 0
5 ~ 32
6 ~ 0
7 ~ 0
9:
1 ~ 0
2 ~ 32
3 ~ 32
4 ~ 8
5 ~ 24
6 ~ 8
7 ~ 8
10:
1 ~ 32
2 ~ 0
3 ~ 32
4 ~ 32
5 ~ 0
6 ~ 0
7 ~ 0
